[test.infodienst-ausschreibungen.at/landingPage/LP-ausschreibungen-allg_ref3322.html]
[test.infodienst-ausschreibungen.at/static/RUYF56dBrZAHFAosXAXKSXD41qKZjRNj2fSC82uGmfL.css]
[backblue.gif]
[fade.gif]
[index.html]
[test.infodienst-ausschreibungen.at/static/iHWJT92xbTWs4JO2Ss9lCYMMai7TnjkW8t1069PWnP1.css]
[test.infodienst-ausschreibungen.at/static/Cz45u3y5Y0kFGMAedi5kSZSWOuSLxnjhOktI3DDgNwk.css]
[test.infodienst-ausschreibungen.at/static/hVDVjnehs3tucqUcutXhoBCC7nlxeq769iK2egbvCmP.css]
[test.infodienst-ausschreibungen.at/static/udmyALOrVimEmDdYO8aiINXYNUKNg2Mv0Pi1mHtOgYd.gif]
[test.infodienst-ausschreibungen.at/landingPage/LP-ausschreibungen-allg_ref3322.html]
[test.infodienst-ausschreibungen.at/static/RUYF56dBrZAHFAosXAXKSXD41qKZjRNj2fSC82uGmfL.css]
[test.infodienst-ausschreibungen.at/static/iFbBQAnfSPTajkk3Lr76gcZdc3Q67vWuJZLnTnEWX5K.png]
[test.infodienst-ausschreibungen.at/static/81GIN0bjdn8H4qtmaR2vplU0XnQ8y5IoqQD6yUehBo3.js]
[test.infodienst-ausschreibungen.at/static/hpmqjKpogkRrkWGLJB4myT5gTlsvzhgxaTlhysFHcGN.png]
[test.infodienst-ausschreibungen.at/static/ss6KmFAHwuHg1DyNPDkahZ1ZiycD7T96evRysdmaiEm.png]
[test.infodienst-ausschreibungen.at/static/El0e01veMPBnf1OAeE8CxbYtoSWHtdzL7sWbN0u6SRa.png]
[test.infodienst-ausschreibungen.at/static/gKm5Bed0J55ootft9M9cY1EpCCNiq5qEuCWOa4EAsEH.png]
[test.infodienst-ausschreibungen.at/static/DC6vq1EMncHnwh1HoAUH63jf0h6lFJfPvnHZMWnt8mW.png]
[test.infodienst-ausschreibungen.at/static/L1PkDX57nOICZwoCJyAvSMAVvgHKsAfrlDBVKcWj3y.png]
[test.infodienst-ausschreibungen.at/static/x7jtbIHDWsULlPcnWcTwKT73UUZGmrBH9CU8Nq2owKz.png]
[test.infodienst-ausschreibungen.at/static/4N545V6tNpXeuwwd4iMr1lnrODxC5IO3ps6qhrg4kWU.png]
[test.infodienst-ausschreibungen.at/static/dFTFBN5ckcsQCVt8OoxdOcV03VtLun0udTpeSciIEPV.png]
[test.infodienst-ausschreibungen.at/static/wG2uDwJBOMXFhpQLjlAtyz1928QphwLZpzTInaYc0nM.png]
[test.infodienst-ausschreibungen.at/static/2kNmLDFwewEmKVrCEu4IRWgdxAHxR2hAkymu0pFTTzT.png]
[test.infodienst-ausschreibungen.at/static/94our0DjSkfLui5MAr6I2O2Jmp8iJp0kUV3N6BrSwt8.png]
[test.infodienst-ausschreibungen.at/static/7d7CEScRr4k8TPB8kwNUGNfs6PzVhFwcUS6UiUU4Pg8.png]
[test.infodienst-ausschreibungen.at/static/PL8OuGVFxeu0XEzVdz51lvY3l1ulnWGt5b987xLuBkk.png]
[test.infodienst-ausschreibungen.at/static/D9LjG74MssAPS5WjFQC1g5exYwtsTkXA0hdRXku3ISx.htc]
[test.infodienst-ausschreibungen.at/static/igLNjgQzm33WLwE402kbo92q3UAQgtbsOAiuY1YL7RS.png]
[test.infodienst-ausschreibungen.at/static/iyF3nMY2jwJdvLGIzXC6Tl86d4MBCtngeKplFuO5dsj.png]
[test.infodienst-ausschreibungen.at/static/umjWOLzevu6PpHgdvzH9n9ac8jRbs8gnn8Weaw1R1Em.png]
[test.infodienst-ausschreibungen.at/static/lGDFuSMGFxJZQ9tHtKXtpLvlgytS2BjYwDJPseCGCg3.png]
[test.infodienst-ausschreibungen.at/static/WqkVBs6aFiPrYIwAipAOyqKn2kgneWwvSF8mvhDvgzy.png]
[test.infodienst-ausschreibungen.at/static/D7OJPPLvlP2LezQJ7PwNY8WfzYyDMgVas7XuxyvQCYT.png]
[test.infodienst-ausschreibungen.at/static/VDBy9hzEwqP2z5H3sUhEK6emzGerkBofr8UBJflLgID.js]
[test.infodienst-ausschreibungen.at/static/KrlARRHPn0ML61GwddkSptyX2gMF0vx82tvJgLxXoOC.png]
[test.infodienst-ausschreibungen.at/static/0EiSGtvb2gw87Y8t7STqnkzvkhUjn5Fr13IBmMwB7ve.png]
[test.infodienst-ausschreibungen.at/static/8DJOkVMXayzzYGLz3FcPbmGZLOyXxPErAuW7Edrk3cR.png]
[test.infodienst-ausschreibungen.at/static/9rIJXn3oHi9vRTO6LfkYciworIW3kEIRNOXEwJLvMV.png]
[test.infodienst-ausschreibungen.at/static/Aeao7rojmq0zBeh0YKhQjeuk6Xt5iAUADmoclkKAyyL.png]
[test.infodienst-ausschreibungen.at/static/fb9kSF3McD5ux8MouxCWUss4Cf9eLI38UmUlfnnVIXo.png]
[test.infodienst-ausschreibungen.at/static/1JVjXu0pUQFs6BUYfvdWiEM3v1ZUqDiX7yyDv7dk69a.png]
[test.infodienst-ausschreibungen.at/static/iooKLweybtFjO2XUCMqWpYzaDz2vakj6fiIlQ6fvUiq.png]
[test.infodienst-ausschreibungen.at/static/M8QuppG1JyLKfwSuR56lekgz31ZYPiuCfcPMWxHUuGM.png]
[test.infodienst-ausschreibungen.at/static/OPny3VXgsm9hAeqTMHqN0HAzSYRMBO0wJDb1I0tkFXF.png]
[test.infodienst-ausschreibungen.at/static/kOIbEie5xgpDU7JSE6r6R1LiNHE8pAlsR1dBe2Snho8.png]
[test.infodienst-ausschreibungen.at/static/9mCNVlyVdaJggL92wfJzxbWG83UDjmFUccc5Ws3e7fN.png]
[test.infodienst-ausschreibungen.at/static/Mn7vZ2y8dEuwyStobBrYC1ZBYJgv82W3KMMigrYDV2y.png]
[test.infodienst-ausschreibungen.at/static/lasePmNWx15kiLwL561lCV4sJgRpu2yuQXG5ZGrX8eS.png]
[test.infodienst-ausschreibungen.at/static/kFP44LEqJ75gUWvmeOiaiddptmER1Esr1KLGeb0m0Gb.png]
[test.infodienst-ausschreibungen.at/static/NDJUqZneGv1l0Z8wDGwIGOfLgsQFSjLiG9faomqcptO.png]
[test.infodienst-ausschreibungen.at/static/WL2izaZZLlRgaj7anfIe8uFbaSfv6IOMWz4Ml8PT4Z.png]
[test.infodienst-ausschreibungen.at/static/NQ2GjoI2EdA8ShaCkJm9axttawYZbNOjYM0XoPzcqYt.png]
[test.infodienst-ausschreibungen.at/static/jyARKZEQZSJLy1acU8rTIBqOf2I4cVQH8L1RhjLvS8S.png]
[test.infodienst-ausschreibungen.at/static/gjZwzaydip031BhJTPKsOQXbHN7HjFB42dZYS8TCwAt.png]
[test.infodienst-ausschreibungen.at/static/pJ2DW6NSq0AXODxo1M4zVUVWvElTePLpkoU86P1cEiU.png]
[test.infodienst-ausschreibungen.at/static/hV9nLeclabRhb99fLkswaSpzpgwVupd12xB3fURhUA2.png]
[test.infodienst-ausschreibungen.at/static/7Hqh9jfANZdx9P4jSSQBXbORrmDT78Od5fcoi0TGs31.png]
[test.infodienst-ausschreibungen.at/static/HCON3tUkES9izR0oskem3kdJLoYox7luhrm8clIQQCt.png]
[test.infodienst-ausschreibungen.at/static/SGXr1g6uicFGXOvdcM78wyKD3rMe5rxzExnxSpI3FQr.png]
[test.infodienst-ausschreibungen.at/static/Tcu8iFhkasz4Kw9aY4xR9C9y7R9cnX5JkemvNybvwkq.png]
[test.infodienst-ausschreibungen.at/static/H7dznG1uDUfTE18W90e0P1SSW54TjlzGzQGift1oCVJ.png]
[test.infodienst-ausschreibungen.at/static/XYlDeFDwFrDQjlWBRTW9GFCON7iin5z4JbW5aRaAlFr.png]
[test.infodienst-ausschreibungen.at/static/AJ8O7nkscgvYqfR8kj70Vr7fK7inVgQxyv4LCCWLwO8.png]
[test.infodienst-ausschreibungen.at/static/paoDvwIVsuFJLCWPYgKuHA2TWHF0Dyrf8XgTlAmUpT7.png]
[test.infodienst-ausschreibungen.at/static/1UimyW8dINF9BxD5a7UhbctcKNQGxOavFr1g2unUNSm.png]
[test.infodienst-ausschreibungen.at/static/LbLAKttrlNHjUS2aWNIeb34KaBFF2tIH8j2cetwPPkD.png]
[test.infodienst-ausschreibungen.at/static/2z9X7jsDzsPbF5qrmWPDKf7ycl1mOTzBBWPJM0GmluU.png]
[test.infodienst-ausschreibungen.at/static/yeciFNP94JFF8YfapB27oAtIC4Al2TsJKODPqbiLNum.png]
[test.infodienst-ausschreibungen.at/static/0Xk5fqBpMpVQx4h4fR18heiQSC8FhzPPeovN7a0IMok.png]
[test.infodienst-ausschreibungen.at/static/IkpqFo3Y5JMeW4x7nniiMqOO4cezl5gwkmQDiGjB4Ps.png]
[test.infodienst-ausschreibungen.at/static/8V4ScWHa8dCpaDNPCTHvoPKcaSJRELeviNB2JN3SEEt.png]
[test.infodienst-ausschreibungen.at/static/Tyc0IGbcB6VTUSlSH8crhJKrgZDBApSohTqnRWwWTsj.png]
[test.infodienst-ausschreibungen.at/static/zlodghwgyhVZP3nQ1Q3Fbs1tHAnti5YrMdagtIhemb0.png]
[test.infodienst-ausschreibungen.at/static/vehzYGBzmcMJBWLfW8vPibZtNSWQPSJHBV66sSIzaY1.png]
[test.infodienst-ausschreibungen.at/static/TEZyxMDLLnmTaCkkMyTOYje0RDyaSHhsjTWVPyjLeO1.png]
[test.infodienst-ausschreibungen.at/static/Wwcg3ea5IpASNcqiyXP2wTVBZnEhRqYId9stqAx5olg.png]
[test.infodienst-ausschreibungen.at/static/ytvyt1aqol8hDzc4j4FJPoiqAlkKfxPUAGwuTDR1FYG.png]
[test.infodienst-ausschreibungen.at/static/ZtkKWFJMJLubNNM1J0rSnLagEpV3UxeEZgPeSXRi7I6.png]
[test.infodienst-ausschreibungen.at/static/NJFvVVk2UkGc6Tscn1nJc4Nr2yYNaN49pwhsIitGLlk.png]
[test.infodienst-ausschreibungen.at/static/eeZrVyCNzh98zATu7NOlgXxkNpkjagwJPXk8aTKiQVD.png]
[test.infodienst-ausschreibungen.at/static/euHOWEqSJG7OjpD3NNbrIg8r5N7iIjWO23Hl0hqDlUy.png]
[test.infodienst-ausschreibungen.at/static/7vwENrNXoeMNBWmWUiiNIHJCAi55VJFQKeAErRiafj9.png]
[test.infodienst-ausschreibungen.at/static/QXvWyyk0FcFMDFj6cNFLLWme4yVR2qcRfhAgRj7gLJ3.png]
[test.infodienst-ausschreibungen.at/static/idVLQVwrhlRRMNbY5ChOlKzhcqGXxBVZcVHNZX4CAx8.png]
[test.infodienst-ausschreibungen.at/static/nOwXN3C9dCGxOS9unYnXtH5zZo7ZJ56f3ALdeTfYFFR.png]
[test.infodienst-ausschreibungen.at/static/Yyw2djV3ycbw3bT6IeAc4UTBGVhpIoBjG2y24p4CaeY.png]
[test.infodienst-ausschreibungen.at/static/40XcNanQr2WIaHygpVY4QPj06DQ4Iuz23qqn43k9Lnn.png]
[test.infodienst-ausschreibungen.at/static/3YkHZcmudVdZjAdqH0cDadeJmNpHhMDPGxsiUBFRYXv.png]
[test.infodienst-ausschreibungen.at/static/ve7Nrrws8WCPNTPV45qUDabAd7yhSsXklfyrpoMYqwS.png]
[test.infodienst-ausschreibungen.at/static/QXB9whywBPJJoFKl0airhcy8mxI7MJQuleIuX9WtMXf.png]
[test.infodienst-ausschreibungen.at/static/uvccmNe2v86Mgz7CB98ZA399g8FFGEGbr8yTPQNdYyC.png]
[test.infodienst-ausschreibungen.at/static/pTrc7SekBDPOv8eUAodxqCWbuPgEnqPECZhLQP9Zkh4.png]
[test.infodienst-ausschreibungen.at/static/BienFp3sIVLCmjZWpXviUfZyutcAMrUxH5k4dASxttU.png]
[test.infodienst-ausschreibungen.at/static/9jdxOssBcbMR0aSXj9j8fpieORzRgSudHXLbwKIZgIY.png]
[test.infodienst-ausschreibungen.at/static/YLxeuhboGuZxu2GDm2cv9TmjRCAZUTssU8xZFmCLpwZ.png]
[test.infodienst-ausschreibungen.at/static/0ceOOUmpNjWCBQqAnYR5KVKq4ihkMk8cWs5t925YJ5a.png]
[test.infodienst-ausschreibungen.at/static/crJkk7BtBzrPAl20NkniG8qM2mMeaDkpvPoB6NdojhP.png]
[test.infodienst-ausschreibungen.at/static/SoK0NsEAKy44jwBw5ckG1hgPx4NmwvmIZNQewPTehvU.png]
[test.infodienst-ausschreibungen.at/static/Z0lNjWOxJdxC89qXtbouhAiceOhQRjzGwUHotmP9ZoH.png]
[test.infodienst-ausschreibungen.at/static/LUPJNOqI3kquJaE0elvM5wULS4sFJQ7ipQsiqGuwSwB.png]
[test.infodienst-ausschreibungen.at/static/CfUxjf3QQs1aE24OzkVF6EmCOTgWi6eKEKSmgSzoIoN.png]
[test.infodienst-ausschreibungen.at/static/jFtTy8g878LLIlwBzvmvIG3kaY6gGo2PuRamwp3I8cD.png]
[test.infodienst-ausschreibungen.at/static/BuLssObmJyNk5XSnWzcFeBibCUaiLsnedPj0LrkXRk8.png]
[test.infodienst-ausschreibungen.at/static/hDy7qLqfZfdEx9l2q2hTTuB9mez9WNns9pkQZHkz1x0.png]
[test.infodienst-ausschreibungen.at/static/1DqNveOx73RNTyCW2Pr6FqzAWFZwhJjx528ShjyFkRU.png]
[test.infodienst-ausschreibungen.at/static/QE7y4RIG6E1dVjzTtyI5fqRbN3zHwDbFnp4uI20AdlB.png]
[test.infodienst-ausschreibungen.at/static/d3Ei9YGLXl2LWWn34PZREpETDySBU5iT5coiXsZcI5u.png]
[test.infodienst-ausschreibungen.at/static/rf7ARbVQ7361af2WVRNBm7RUXjiZPMzabpoCvItEcmP.png]
[test.infodienst-ausschreibungen.at/static/cXKouivNowrWAzVHKEphJbuvkRFJ15eOwH4ZdI2wSM5.png]
[test.infodienst-ausschreibungen.at/static/Lu6U3NFdvS2x2s7uBq89CRwzHWuvudSnGDvDjWkbHzh.png]
[test.infodienst-ausschreibungen.at/static/HdsIsA95byEGoagunEsSdymbO5m5ZauuAEDfvcRPXPp.png]
[test.infodienst-ausschreibungen.at/static/jYn17da8yBqPuFXIIO0KSIdk3iGd8cY9Op3bQwds3dt.png]
[test.infodienst-ausschreibungen.at/static/kr39y5Twk1yTyumbGMzi3fwVLjhccmlZhiylMacL9JV.png]
[test.infodienst-ausschreibungen.at/static/KUFY9UKwkh8t9S4inbytADm4X1k7nniomff23ZWy6EN.png]
[test.infodienst-ausschreibungen.at/static/XEi6Qudjrvs2639mZqV8JUUIo6fmFcrTFhNFYvwG9l.png]
[test.infodienst-ausschreibungen.at/static/q7Y8Ogc4AlD1UNYPjNWFjpOvJOkN9WdB7OEud3Tqf0C.png]
[test.infodienst-ausschreibungen.at/static/Tle2N1Y91zwVY1IkXvAlKBDwib1sQ76LeasYvU6shvi.png]
[test.infodienst-ausschreibungen.at/static/pvzsU2CRMhPEWVVrB7EtKSWHbeYBdgysTU3pMHNHp5b.png]
[test.infodienst-ausschreibungen.at/static/nXRvvtQYA9VQCUYr0krI1w50926KY4OpcBeRGfReeDa.png]
[test.infodienst-ausschreibungen.at/static/DMrAxtJLW0zqvMBI8IF6bVzIk9fbKGymWpEU1RqFSsj.png]
[test.infodienst-ausschreibungen.at/static/UO6enKJJGWpW8yZraGNDqzp4zPoxBc8GGGa05nNhRpP.png]
[test.infodienst-ausschreibungen.at/static/W4BHuD0h0ZVvPWPlQq9ctStxCGhWqA6nuqi2C6RQl1S.png]
[test.infodienst-ausschreibungen.at/static/dLYP8pma0ZdvrMlvGv13rJ4SU73O1mml9aqWdPyCBFt.png]
[test.infodienst-ausschreibungen.at/static/uCI6h84QnMbAecKiKh9KWi1lLV1hbDRx669hZ6oykiG.png]
[test.infodienst-ausschreibungen.at/static/TmfHSRpyoqR1ExaVa5lBxd3tNELI49iTBRRl0Rbcgkt.png]
[test.infodienst-ausschreibungen.at/static/xjCl2xAGEcViQIB8HlaB5WiWyMpe2TxZQUT5NR3KqHq.png]
[test.infodienst-ausschreibungen.at/static/osqmfGIsmEWcpSyB83GrhQuDgGssPk7Wk99xuvQCqJY.png]
[test.infodienst-ausschreibungen.at/static/mIPV0VI51qwMGS4OnDFpsXL7BMkpj0116XTcSFZO9rn.png]
[test.infodienst-ausschreibungen.at/static/UFJ4I9AzD3Gme2hItHT742fjNrv2qyB8GEe9C37WQeq.png]
[test.infodienst-ausschreibungen.at/static/dQfXGTplQsEbksd5W4SK2grc7eKrCYgbNjjl6RRaf7x.png]
[test.infodienst-ausschreibungen.at/static/XDQ2sTcL4pg7LcPp3H4anQaB54cmO9ougGbcHUbbXQg.png]
[test.infodienst-ausschreibungen.at/static/3vYd7VCYB2MHFNVPbG3hlGvuThu30JDAKpbmxlB9nMu.png]
[test.infodienst-ausschreibungen.at/static/O6F48llaxohHqwDXlOuffKxDbVFWgbeX4TjcXFJhHiN.png]
[test.infodienst-ausschreibungen.at/static/OqrzF8CgU73hJwEE6IOD9R43EGr5eo3nsnHeeKMIthy.png]
[test.infodienst-ausschreibungen.at/static/NcA7c7HC09ItUUhPW9rmTRbCh4pXLlDeIIv2VRcetrO.png]
[test.infodienst-ausschreibungen.at/static/D1dwvRCB1werAR5EFywYeGKYx4DegyoNDLdMJaLQ6N0.png]
[test.infodienst-ausschreibungen.at/static/RqoQTJYJsDSVqhxws5I2IHqSR1N49xtnTbLUNz8lij4.png]
[test.infodienst-ausschreibungen.at/static/wWjmC0sbNVQ7tZA0pHB68QjqqcsEVnn9OMtkgUoy74g.png]
[test.infodienst-ausschreibungen.at/static/0IdmJbF0854YkL0I6Tc7OTy6mbhrVRLeA0zfGsaVf8F.png]
[test.infodienst-ausschreibungen.at/static/o6QIfo3Y9uhstCtgvujRVC3aDs4zm7pICXsijfx1GFU.png]
[test.infodienst-ausschreibungen.at/static/1KlzBIfy4Cm2acnFHh6p2eqHl9IxvJNB3ENG6LoxDLg.png]
[test.infodienst-ausschreibungen.at/static/Hgf3XHeBMmIqAslwURMKxIIg3VcHyeWmGx3PQBVl40z.png]
[test.infodienst-ausschreibungen.at/static/ihWBcte2UvVoGyPSFdm7P7u9RVGMkpdXr0pcbDLWmKu.png]
[test.infodienst-ausschreibungen.at/static/KpmGMOHguFB9uRTq6x2S6RgRnwWNYJ0DWC0pJSdJJ0R.png]
[test.infodienst-ausschreibungen.at/static/xNlp5RMGtkpzYXMGTVa7EfCxWjKeuX6X2J1rO9xxMwS.png]
[test.infodienst-ausschreibungen.at/static/ltlsj03rjNldB5x7idrBaOG0RIldnubBUR4nCcwoDU4.png]
[test.infodienst-ausschreibungen.at/static/XG5aj2yUCd3dFJU7iWy4U52k0KMW02eex0IOktY7M2i.png]
[test.infodienst-ausschreibungen.at/static/kgTJS0TibQbAKQKDvpFZ9Ie5iiYmFCrKkZDS0keOIDZ.jpg]
[test.infodienst-ausschreibungen.at/static/X8Hq0SHvmcoQKIAJR3Ej6AOM7GAxnrG3VvMWlKNDRuO.png]
[test.infodienst-ausschreibungen.at/static/KCXNnRdcHnvaEzetF9kYDVr9lQOt1PWtaoL5tvn4PFn.png]
[test.infodienst-ausschreibungen.at/static/ZxxQvE6hgqCXZEaZ92MWa4jOcAFgC3HYgIXjRtsCJh7.png]
[test.infodienst-ausschreibungen.at/static/BEUeGu7quvBV8D9nOzcFw3hybwDCuz3GDoQ0Wf16kxl.png]
[test.infodienst-ausschreibungen.at/static/2mWk5dcseo9lnxcRVu4LGmM8WCy7WokIVOmQMkN2L74.png]
[test.infodienst-ausschreibungen.at/static/JDEpa60uYRZ5SxWmPaUoNItQhE7nakmWDllH277EQHs.png]
[test.infodienst-ausschreibungen.at/static/QKDjJh5GKuKZuoUgDH7ukZ5l9enuv7hUfUvTN4xxYlI.png]
[test.infodienst-ausschreibungen.at/static/kQzGPzISYWrp63MV6oOR3Otcl6bRl1l3qQzBEsm9riF.png]
[test.infodienst-ausschreibungen.at/static/ojrQed4opsFwV8re8UqpzXE96nmUB7Js2ZxiJKSD5J8.png]
[test.infodienst-ausschreibungen.at/static/G8k94Wt76oCeJMR03eckWWYODK8bWMZCiSdNmraaNt8.png]
[test.infodienst-ausschreibungen.at/static/AWHSkuYpz7c6EuAZl6Kt6s7X8zW1KqWWtgsWkpIAZ8o.png]
[test.infodienst-ausschreibungen.at/static/U5bNpFFXHC1rZsrDsdV4c1ZrsdiQlDNwLUHrkQf58Pf.png]
[test.infodienst-ausschreibungen.at/static/BTCCh9yumQ14yUdSWW0h2DjcRJIOQFAKf5AB3ATdk05.png]
[test.infodienst-ausschreibungen.at/static/5r7Rwd8PayLGhpjX1Cu8uUF6AB9prDYFb0MemFibdy.png]
[test.infodienst-ausschreibungen.at/static/uidYVvyO0Z0lw2oikJDjDjXipVXmDWqQkKoYNcUEtOb.eot]
[test.infodienst-ausschreibungen.at/static/uidYVvyO0Z0lw2oikJDjDjXipVXmDWqQkKoYNcUEtObd41d.eot]
[test.infodienst-ausschreibungen.at/static/gwfnQiZOVYyZZnb3cnqDXB5N3qQDZD6OOFpigzctKkG.woff]
[test.infodienst-ausschreibungen.at/static/yeHSIXs0U1Kk82MY3Yh4jBIqKRaEmrSPp0SNpqQFJGi.ttf]
[test.infodienst-ausschreibungen.at/static/WHEcqmDqv9IFm9nFCMMzYfEGXEK6KurnvjQXQmT7vLn.eot]
[test.infodienst-ausschreibungen.at/static/WHEcqmDqv9IFm9nFCMMzYfEGXEK6KurnvjQXQmT7vLnd41d.eot]
[test.infodienst-ausschreibungen.at/static/gKuudPg9nxDXBC9BM9gdse55R3n7Y2brnyMOzBkLSzE.woff]
[test.infodienst-ausschreibungen.at/static/02wKHemr6jJiYlRKKESsbxxOe0aj45bcXs5VD9Ibw1y.ttf]
[test.infodienst-ausschreibungen.at/static/qR2BO0RppJr9L4pN0uJVqFtzjIbUSB4Ivf4DGhYBiwh.ttf]
[test.infodienst-ausschreibungen.at/static/s1EfJxrZ9WMTN8yRNUzeHkyC0EF8oa6vMIsM0wbLPk5.woff]
[test.infodienst-ausschreibungen.at/static/iXAYw0ITQ57gOdl3lTJjVB9qBGdyXOYrFefYbnyzSac.ttf]
[test.infodienst-ausschreibungen.at/static/zem2dJ5LGXpqTXDNXnHUtizhe59bSUNqHNoMvcuWejy.eot]
[test.infodienst-ausschreibungen.at/static/zem2dJ5LGXpqTXDNXnHUtizhe59bSUNqHNoMvcuWejyd41d.eot]
[test.infodienst-ausschreibungen.at/static/XORUJ8S8KyCXsT5udLbiiT1AnnkQ10yQaVTvV8iF5TW.woff]
[test.infodienst-ausschreibungen.at/static/RzzsgzZKDSJ9a3wEZicfAb1TAcAIZkwEPB0zhzwxsaY.ttf]
[test.infodienst-ausschreibungen.at/static/I9fcEbQxCQ1drb6SYkVICcnmBIfDLlbXbEPGVWuNqn4.eot]
[test.infodienst-ausschreibungen.at/static/I9fcEbQxCQ1drb6SYkVICcnmBIfDLlbXbEPGVWuNqn4d41d.eot]
[test.infodienst-ausschreibungen.at/static/CVqac4l0gG68nONOmjg5MF55VMDWKgF4iNFh0jYHc0E.woff]
[test.infodienst-ausschreibungen.at/static/6IVzKLU1XbMfDBGCANdxtGhrXbTrLuCLs9OdkotNpVh.ttf]
[test.infodienst-ausschreibungen.at/static/6CuWDTQXmFdNnAScEkpmeoqFgF9TQgmV3QJ2SPqa00n.woff]
[test.infodienst-ausschreibungen.at/static/5UQp41AEmlGuLjGUUOykAZ6RNadApZN4QeVWK8jAnLq.eot]
[test.infodienst-ausschreibungen.at/static/KyMQ2BHq1nO10VF4MlZpTBlAqteOsncmu3o73Xs07aO.ttf]
[test.infodienst-ausschreibungen.at/static/5UQp41AEmlGuLjGUUOykAZ6RNadApZN4QeVWK8jAnLqd41d.eot]
[test.infodienst-ausschreibungen.at/static/JX8qkcPDPJZMQawMnJybFoWFCE1GaPF7TkKyofsRM5j.eot]
[test.infodienst-ausschreibungen.at/static/g6viReA6MzNgSkrLFqICUGXSpkYNnDD6Ox1NpNIcnej.gif]
[test.infodienst-ausschreibungen.at/static/oMaLpsRL8BQM9AsVsmSt5eDwMYm9HrYRzeoNhRB3SyJ.woff]
[test.infodienst-ausschreibungen.at/static/Ts2NYinUP3v3m24IIibMPkO3y30elPi2UQmvvis7lLz.gif]
[test.infodienst-ausschreibungen.at/static/wRyN67KFQkL5Q57iC9n3ckQfCj081vPBk8d2FqxXF6d.ttf]
[test.infodienst-ausschreibungen.at/static/iHWJT92xbTWs4JO2Ss9lCYMMai7TnjkW8t1069PWnP1.css]
[test.infodienst-ausschreibungen.at/static/sZ8PZ6unCPMKnzCWlwS0fPTwJwdpOheVn1aNBXlcCLP.gif]
[test.infodienst-ausschreibungen.at/static/JX8qkcPDPJZMQawMnJybFoWFCE1GaPF7TkKyofsRM5jd41d.eot]
[test.infodienst-ausschreibungen.at/static/Cz45u3y5Y0kFGMAedi5kSZSWOuSLxnjhOktI3DDgNwk.css]
[test.infodienst-ausschreibungen.at/static/hVDVjnehs3tucqUcutXhoBCC7nlxeq769iK2egbvCmP.css]
